// Jest Snapshot v1, https://goo.gl/fbAQLP

exports[`renders correctly 1`] = `
Array [
  <View
    accessibilityLabel="Show info"
    accessible={true}
    focusable={true}
    isTVSelectable={true}
    onClick={[Function]}
    onResponderGrant={[Function]}
    onResponderMove={[Function]}
    onResponderRelease={[Function]}
    onResponderTerminate={[Function]}
    onResponderTerminationRequest={[Function]}
    onStartShouldSetResponder={[Function]}
    style={
      Object {
        "opacity": 1,
        "padding": 8,
        "position": "absolute",
        "right": 24,
        "top": 40,
        "zIndex": 1,
      }
    }
  >
    <Image
      source={
        Object {
          "testUri": "../../../assets/images/icon-info-dark.png",
        }
      }
      style={
        Object {
          "height": 32,
          "width": 32,
        }
      }
    />
  </View>,
  <View
    accessibilityLabel="Increment counter"
    accessible={true}
    focusable={true}
    onClick={[Function]}
    onResponderGrant={[Function]}
    onResponderMove={[Function]}
    onResponderRelease={[Function]}
    onResponderTerminate={[Function]}
    onResponderTerminationRequest={[Function]}
    onStartShouldSetResponder={[Function]}
    style={
      Object {
        "alignItems": "center",
        "flex": 1,
        "justifyContent": "center",
        "width": "100%",
      }
    }
  >
    <Text
      style={
        Object {
          "color": "black",
          "fontFamily": "WorkSans-Thin",
          "fontSize": 258,
        }
      }
      testID="counterText"
    >
      0
    </Text>
  </View>,
  <View
    accessibilityLabel="Reset counter"
    accessible={true}
    focusable={true}
    isTVSelectable={true}
    onClick={[Function]}
    onResponderGrant={[Function]}
    onResponderMove={[Function]}
    onResponderRelease={[Function]}
    onResponderTerminate={[Function]}
    onResponderTerminationRequest={[Function]}
    onStartShouldSetResponder={[Function]}
    style={
      Object {
        "opacity": 1,
        "paddingHorizontal": 32,
        "paddingVertical": 12,
        "width": "100%",
      }
    }
  >
    <Text
      style={
        Object {
          "borderColor": "black",
          "borderWidth": 0.5,
          "color": "black",
          "fontFamily": "WorkSans-Thin",
          "fontSize": 24,
          "padding": 8,
          "textAlign": "center",
          "width": "100%",
        }
      }
    >
      Reset counter
    </Text>
  </View>,
  <View
    accessibilityLabel="Switch contrast"
    accessible={true}
    focusable={true}
    isTVSelectable={true}
    onClick={[Function]}
    onResponderGrant={[Function]}
    onResponderMove={[Function]}
    onResponderRelease={[Function]}
    onResponderTerminate={[Function]}
    onResponderTerminationRequest={[Function]}
    onStartShouldSetResponder={[Function]}
    style={
      Object {
        "opacity": 1,
        "paddingHorizontal": 32,
        "paddingVertical": 12,
        "width": "100%",
      }
    }
  >
    <Text
      style={
        Object {
          "borderColor": "black",
          "borderWidth": 0.5,
          "color": "black",
          "fontFamily": "WorkSans-Thin",
          "fontSize": 24,
          "padding": 8,
          "textAlign": "center",
          "width": "100%",
        }
      }
    >
      Switch contrast
    </Text>
  </View>,
]
`;
